// Jest Snapshot v1, https://goo.gl/fbAQLP

exports[`Renders episode details correctly 1`] = `
<DocumentFragment>
  <div
    class="p-10 border shadow-xl"
  >
    <h2
      class="text-2xl font-bold"
    >
      Test Episode
    </h2>
    <p
      class="italic py-4 border-b-2"
    >
      This is a test episode description.
    </p>
    <audio
      class="my-4 w-full"
      controls=""
    >
      <source
        src="http://example.com/test-episode.mp3"
        type="audio/mp3"
      />
    </audio>
  </div>
</DocumentFragment>
`;
