// Jest Snapshot v1, https://goo.gl/fbAQLP

exports[`Renders episodes list correctly 1`] = `
<DocumentFragment>
  <table
    class="table-auto border shadow-md mt-10 p-10 w-full"
  >
    <thead>
      <tr
        class="grid grid-cols-10 justify-items-stretch w-full p-4 border-b-2"
      >
        <th
          class="col-span-6 justify-self-start"
        >
          Title
        </th>
        <th
          class="col-span-2 justify-self-end"
        >
          Date
        </th>
        <th
          class="col-span-2 justify-self-end"
        >
          Duration
        </th>
      </tr>
    </thead>
    <tbody
      class="w-full m-10"
    />
  </table>
</DocumentFragment>
`;
