// Jest Snapshot v1, https://goo.gl/fbAQLP

exports[`Renders PodcastCard correctly should render PodcastCard 1`] = `
<DocumentFragment>
  <a
    href="podcast/1"
  >
    <div
      class="border rounded-md p-4 shadow-xl"
    >
      <div
        class="flex justify-center relative bottom-14"
      >
        <img
          alt="cover"
          class="rounded-full"
          data-nimg="1"
          decoding="async"
          height="100"
          loading="lazy"
          src="/_next/image?url=http%3A%2F%2Fexample.com%2Fartwork.jpg&w=256&q=75"
          srcset="/_next/image?url=http%3A%2F%2Fexample.com%2Fartwork.jpg&w=128&q=75 1x, /_next/image?url=http%3A%2F%2Fexample.com%2Fartwork.jpg&w=256&q=75 2x"
          style="color: transparent;"
          width="100"
        />
      </div>
      <section
        class="flex justify-center"
      >
        <h2
          class="text-center"
        >
          PODCAST TITLE
        </h2>
      </section>
      <section
        class="flex justify-center"
      >
        <p
          class="font-light text-sm text-center"
        >
          Author: Podcast author
        </p>
      </section>
    </div>
  </a>
</DocumentFragment>
`;
